<?xml version="1.0" encoding="ISO-8859-1" ?>
<link_info>
   <banner>TMS320C2000 Linker PC v18.1.1.LTS</banner>
   <copyright>Copyright (c) 1996-2017 Texas Instruments Incorporated</copyright>
   <link_time>0x5b202d4b</link_time>
   <link_errors>0x0</link_errors>
   <output_file>Example_2806xEPwmUpAQ.out</output_file>
   <entry_point>
      <name>code_start</name>
      <address>0x3f7ff6</address>
   </entry_point>
   <input_file_list>
      <input_file id="fl-4">
         <path>.\</path>
         <kind>object</kind>
         <file>F2806x_CodeStartBranch.obj</file>
         <name>F2806x_CodeStartBranch.obj</name>
      </input_file>
      <input_file id="fl-5">
         <path>.\</path>
         <kind>object</kind>
         <file>F2806x_CpuTimers.obj</file>
         <name>F2806x_CpuTimers.obj</name>
      </input_file>
      <input_file id="fl-6">
         <path>.\</path>
         <kind>object</kind>
         <file>F2806x_DefaultIsr.obj</file>
         <name>F2806x_DefaultIsr.obj</name>
      </input_file>
      <input_file id="fl-7">
         <path>.\</path>
         <kind>object</kind>
         <file>F2806x_EPwm.obj</file>
         <name>F2806x_EPwm.obj</name>
      </input_file>
      <input_file id="fl-8">
         <path>.\</path>
         <kind>object</kind>
         <file>F2806x_GlobalVariableDefs.obj</file>
         <name>F2806x_GlobalVariableDefs.obj</name>
      </input_file>
      <input_file id="fl-9">
         <path>.\</path>
         <kind>object</kind>
         <file>F2806x_PieCtrl.obj</file>
         <name>F2806x_PieCtrl.obj</name>
      </input_file>
      <input_file id="fl-a">
         <path>.\</path>
         <kind>object</kind>
         <file>F2806x_PieVect.obj</file>
         <name>F2806x_PieVect.obj</name>
      </input_file>
      <input_file id="fl-b">
         <path>.\</path>
         <kind>object</kind>
         <file>F2806x_Sci.obj</file>
         <name>F2806x_Sci.obj</name>
      </input_file>
      <input_file id="fl-c">
         <path>.\</path>
         <kind>object</kind>
         <file>F2806x_SysCtrl.obj</file>
         <name>F2806x_SysCtrl.obj</name>
      </input_file>
      <input_file id="fl-d">
         <path>.\</path>
         <kind>object</kind>
         <file>F2806x_usDelay.obj</file>
         <name>F2806x_usDelay.obj</name>
      </input_file>
      <input_file id="fl-e">
         <path>.\</path>
         <kind>object</kind>
         <file>config.obj</file>
         <name>config.obj</name>
      </input_file>
      <input_file id="fl-f">
         <path>.\</path>
         <kind>object</kind>
         <file>database.obj</file>
         <name>database.obj</name>
      </input_file>
      <input_file id="fl-10">
         <path>.\</path>
         <kind>object</kind>
         <file>dccout.obj</file>
         <name>dccout.obj</name>
      </input_file>
      <input_file id="fl-11">
         <path>.\</path>
         <kind>object</kind>
         <file>keys.obj</file>
         <name>keys.obj</name>
      </input_file>
      <input_file id="fl-12">
         <path>.\</path>
         <kind>object</kind>
         <file>lenz_parser.obj</file>
         <name>lenz_parser.obj</name>
      </input_file>
      <input_file id="fl-13">
         <path>.\</path>
         <kind>object</kind>
         <file>opendcc_tapas_v0.obj</file>
         <name>opendcc_tapas_v0.obj</name>
      </input_file>
      <input_file id="fl-14">
         <path>.\</path>
         <kind>object</kind>
         <file>organizer.obj</file>
         <name>organizer.obj</name>
      </input_file>
      <input_file id="fl-15">
         <path>.\</path>
         <kind>object</kind>
         <file>programmer.obj</file>
         <name>programmer.obj</name>
      </input_file>
      <input_file id="fl-16">
         <path>.\</path>
         <kind>object</kind>
         <file>rs232_tms320.obj</file>
         <name>rs232_tms320.obj</name>
      </input_file>
      <input_file id="fl-17">
         <path>.\</path>
         <kind>object</kind>
         <file>status.obj</file>
         <name>status.obj</name>
      </input_file>
      <input_file id="fl-18">
         <path>.\</path>
         <kind>object</kind>
         <file>stubs.obj</file>
         <name>stubs.obj</name>
      </input_file>
      <input_file id="fl-1d">
         <kind>object</kind>
         <file>&lt;internal&gt;</file>
         <name>&lt;internal&gt;</name>
      </input_file>
      <input_file id="fl-1e">
         <path>C:\ti\ccsv8\tools\compiler\ti-cgt-c2000_18.1.1.LTS\lib\</path>
         <kind>archive</kind>
         <file>rts2800_fpu32.lib</file>
         <name>boot28.asm.obj</name>
      </input_file>
      <input_file id="fl-1f">
         <path>C:\ti\ccsv8\tools\compiler\ti-cgt-c2000_18.1.1.LTS\lib\</path>
         <kind>archive</kind>
         <file>rts2800_fpu32.lib</file>
         <name>args_main.c.obj</name>
      </input_file>
      <input_file id="fl-20">
         <path>C:\ti\ccsv8\tools\compiler\ti-cgt-c2000_18.1.1.LTS\lib\</path>
         <kind>archive</kind>
         <file>rts2800_fpu32.lib</file>
         <name>startup.c.obj</name>
      </input_file>
      <input_file id="fl-21">
         <path>C:\ti\ccsv8\tools\compiler\ti-cgt-c2000_18.1.1.LTS\lib\</path>
         <kind>archive</kind>
         <file>rts2800_fpu32.lib</file>
         <name>pre_init.c.obj</name>
      </input_file>
      <input_file id="fl-22">
         <path>C:\ti\ccsv8\tools\compiler\ti-cgt-c2000_18.1.1.LTS\lib\</path>
         <kind>archive</kind>
         <file>rts2800_fpu32.lib</file>
         <name>cpy_tbl.c.obj</name>
      </input_file>
      <input_file id="fl-23">
         <path>C:\ti\ccsv8\tools\compiler\ti-cgt-c2000_18.1.1.LTS\lib\</path>
         <kind>archive</kind>
         <file>rts2800_fpu32.lib</file>
         <name>exit.c.obj</name>
      </input_file>
      <input_file id="fl-24">
         <path>C:\ti\ccsv8\tools\compiler\ti-cgt-c2000_18.1.1.LTS\lib\</path>
         <kind>archive</kind>
         <file>rts2800_fpu32.lib</file>
         <name>_lock.c.obj</name>
      </input_file>
      <input_file id="fl-25">
         <path>C:\ti\ccsv8\tools\compiler\ti-cgt-c2000_18.1.1.LTS\lib\</path>
         <kind>archive</kind>
         <file>rts2800_fpu32.lib</file>
         <name>memcpy.c.obj</name>
      </input_file>
   </input_file_list>
   <object_component_list>
      <object_component id="oc-dd">
         <name>.cinit</name>
         <load_address>0x3f3003</load_address>
         <run_address>0x3f3003</run_address>
         <size>0x4f</size>
         <input_file_ref idref="fl-12"/>
      </object_component>
      <object_component id="oc-f0">
         <name>.cinit</name>
         <load_address>0x3f3052</load_address>
         <run_address>0x3f3052</run_address>
         <size>0x2f</size>
         <input_file_ref idref="fl-15"/>
      </object_component>
      <object_component id="oc-e9">
         <name>.cinit</name>
         <load_address>0x3f3081</load_address>
         <run_address>0x3f3081</run_address>
         <size>0x20</size>
         <input_file_ref idref="fl-14"/>
      </object_component>
      <object_component id="oc-f7">
         <name>.cinit</name>
         <load_address>0x3f30a1</load_address>
         <run_address>0x3f30a1</run_address>
         <size>0x1c</size>
         <input_file_ref idref="fl-16"/>
      </object_component>
      <object_component id="oc-ff">
         <name>.cinit</name>
         <load_address>0x3f30bd</load_address>
         <run_address>0x3f30bd</run_address>
         <size>0x10</size>
         <input_file_ref idref="fl-17"/>
      </object_component>
      <object_component id="oc-128">
         <name>.cinit</name>
         <load_address>0x3f30cd</load_address>
         <run_address>0x3f30cd</run_address>
         <size>0xe</size>
         <input_file_ref idref="fl-23"/>
      </object_component>
      <object_component id="oc-bf">
         <name>.cinit</name>
         <load_address>0x3f30db</load_address>
         <run_address>0x3f30db</run_address>
         <size>0x9</size>
         <input_file_ref idref="fl-e"/>
      </object_component>
      <object_component id="oc-106">
         <name>.cinit</name>
         <load_address>0x3f30e4</load_address>
         <run_address>0x3f30e4</run_address>
         <size>0x8</size>
         <input_file_ref idref="fl-18"/>
      </object_component>
      <object_component id="oc-142">
         <name>.cinit:__lock</name>
         <load_address>0x3f30ec</load_address>
         <run_address>0x3f30ec</run_address>
         <size>0x5</size>
         <input_file_ref idref="fl-24"/>
      </object_component>
      <object_component id="oc-14f">
         <name>.cinit:__unlock</name>
         <load_address>0x3f30f1</load_address>
         <run_address>0x3f30f1</run_address>
         <size>0x5</size>
         <input_file_ref idref="fl-24"/>
      </object_component>
      <object_component id="oc-d5">
         <name>.cinit</name>
         <load_address>0x3f30f6</load_address>
         <run_address>0x3f30f6</run_address>
         <size>0x4</size>
         <input_file_ref idref="fl-11"/>
      </object_component>
      <object_component id="oc-14b">
         <name>.text</name>
         <load_address>0x3f0000</load_address>
         <run_address>0x3f0000</run_address>
         <size>0x11d3</size>
         <input_file_ref idref="fl-14"/>
      </object_component>
      <object_component id="oc-14a">
         <name>.text</name>
         <load_address>0x3f11d3</load_address>
         <run_address>0x3f11d3</run_address>
         <size>0x790</size>
         <input_file_ref idref="fl-12"/>
      </object_component>
      <object_component id="oc-14c">
         <name>.text</name>
         <load_address>0x3f1963</load_address>
         <run_address>0x3f1963</run_address>
         <size>0x657</size>
         <input_file_ref idref="fl-15"/>
      </object_component>
      <object_component id="oc-60">
         <name>.text:retain</name>
         <load_address>0x3f1fba</load_address>
         <run_address>0x3f1fba</run_address>
         <size>0x39b</size>
         <input_file_ref idref="fl-6"/>
      </object_component>
      <object_component id="oc-149">
         <name>.text</name>
         <load_address>0x3f2355</load_address>
         <run_address>0x3f2355</run_address>
         <size>0x22e</size>
         <input_file_ref idref="fl-17"/>
      </object_component>
      <object_component id="oc-143">
         <name>.text</name>
         <load_address>0x3f2583</load_address>
         <run_address>0x3f2583</run_address>
         <size>0x192</size>
         <input_file_ref idref="fl-c"/>
      </object_component>
      <object_component id="oc-14d">
         <name>.text</name>
         <load_address>0x3f2715</load_address>
         <run_address>0x3f2715</run_address>
         <size>0x16d</size>
         <input_file_ref idref="fl-11"/>
      </object_component>
      <object_component id="oc-13e">
         <name>.text</name>
         <load_address>0x3f2882</load_address>
         <run_address>0x3f2882</run_address>
         <size>0xd8</size>
         <input_file_ref idref="fl-7"/>
      </object_component>
      <object_component id="oc-cf">
         <name>.text:retain</name>
         <load_address>0x3f295a</load_address>
         <run_address>0x3f295a</run_address>
         <size>0xc8</size>
         <input_file_ref idref="fl-10"/>
      </object_component>
      <object_component id="oc-148">
         <name>.text</name>
         <load_address>0x3f2a22</load_address>
         <run_address>0x3f2a22</run_address>
         <size>0xbd</size>
         <input_file_ref idref="fl-16"/>
      </object_component>
      <object_component id="oc-152">
         <name>.text</name>
         <load_address>0x3f2adf</load_address>
         <run_address>0x3f2adf</run_address>
         <size>0x9f</size>
         <input_file_ref idref="fl-18"/>
      </object_component>
      <object_component id="oc-138">
         <name>.text</name>
         <load_address>0x3f2b7e</load_address>
         <run_address>0x3f2b7e</run_address>
         <size>0x8c</size>
         <input_file_ref idref="fl-10"/>
      </object_component>
      <object_component id="oc-f9">
         <name>.text:retain</name>
         <load_address>0x3f2c0a</load_address>
         <run_address>0x3f2c0a</run_address>
         <size>0x8a</size>
         <input_file_ref idref="fl-16"/>
      </object_component>
      <object_component id="oc-10c">
         <name>.text</name>
         <load_address>0x3f2c94</load_address>
         <run_address>0x3f2c94</run_address>
         <size>0x56</size>
         <input_file_ref idref="fl-1e"/>
      </object_component>
      <object_component id="oc-140">
         <name>.text</name>
         <load_address>0x3f2cea</load_address>
         <run_address>0x3f2cea</run_address>
         <size>0x55</size>
         <input_file_ref idref="fl-13"/>
      </object_component>
      <object_component id="oc-146">
         <name>.text</name>
         <load_address>0x3f2d3f</load_address>
         <run_address>0x3f2d3f</run_address>
         <size>0x34</size>
         <input_file_ref idref="fl-e"/>
      </object_component>
      <object_component id="oc-147">
         <name>.text</name>
         <load_address>0x3f2d73</load_address>
         <run_address>0x3f2d73</run_address>
         <size>0x31</size>
         <input_file_ref idref="fl-f"/>
      </object_component>
      <object_component id="oc-151">
         <name>.text</name>
         <load_address>0x3f2da4</load_address>
         <run_address>0x3f2da4</run_address>
         <size>0x30</size>
         <input_file_ref idref="fl-b"/>
      </object_component>
      <object_component id="oc-13d">
         <name>.text</name>
         <load_address>0x3f2dd4</load_address>
         <run_address>0x3f2dd4</run_address>
         <size>0x29</size>
         <input_file_ref idref="fl-23"/>
      </object_component>
      <object_component id="oc-144">
         <name>.text</name>
         <load_address>0x3f2dfd</load_address>
         <run_address>0x3f2dfd</run_address>
         <size>0x28</size>
         <input_file_ref idref="fl-9"/>
      </object_component>
      <object_component id="oc-145">
         <name>.text</name>
         <load_address>0x3f2e25</load_address>
         <run_address>0x3f2e25</run_address>
         <size>0x26</size>
         <input_file_ref idref="fl-a"/>
      </object_component>
      <object_component id="oc-d7">
         <name>.text:retain</name>
         <load_address>0x3f2e4b</load_address>
         <run_address>0x3f2e4b</run_address>
         <size>0x26</size>
         <input_file_ref idref="fl-11"/>
      </object_component>
      <object_component id="oc-13a">
         <name>.text</name>
         <load_address>0x3f2e71</load_address>
         <run_address>0x3f2e71</run_address>
         <size>0x24</size>
         <input_file_ref idref="fl-22"/>
      </object_component>
      <object_component id="oc-13f">
         <name>.text</name>
         <load_address>0x3f2e95</load_address>
         <run_address>0x3f2e95</run_address>
         <size>0x1e</size>
         <input_file_ref idref="fl-25"/>
      </object_component>
      <object_component id="oc-13c">
         <name>.text</name>
         <load_address>0x3f2eb3</load_address>
         <run_address>0x3f2eb3</run_address>
         <size>0x19</size>
         <input_file_ref idref="fl-1f"/>
      </object_component>
      <object_component id="oc-c2">
         <name>.text:retain</name>
         <load_address>0x3f2ecc</load_address>
         <run_address>0x3f2ecc</run_address>
         <size>0x16</size>
         <input_file_ref idref="fl-e"/>
      </object_component>
      <object_component id="oc-14e">
         <name>.text</name>
         <load_address>0x3f2ee2</load_address>
         <run_address>0x3f2ee2</run_address>
         <size>0x9</size>
         <input_file_ref idref="fl-24"/>
      </object_component>
      <object_component id="oc-54">
         <name>.text</name>
         <load_address>0x3f2eeb</load_address>
         <run_address>0x3f2eeb</run_address>
         <size>0x8</size>
         <input_file_ref idref="fl-4"/>
      </object_component>
      <object_component id="oc-139">
         <name>.text</name>
         <load_address>0x3f2ef3</load_address>
         <run_address>0x3f2ef3</run_address>
         <size>0x2</size>
         <input_file_ref idref="fl-21"/>
      </object_component>
      <object_component id="oc-13b">
         <name>.text</name>
         <load_address>0x3f2ef5</load_address>
         <run_address>0x3f2ef5</run_address>
         <size>0x1</size>
         <input_file_ref idref="fl-20"/>
      </object_component>
      <object_component id="oc-53">
         <name>codestart</name>
         <load_address>0x3f7ff6</load_address>
         <run_address>0x3f7ff6</run_address>
         <size>0x2</size>
         <input_file_ref idref="fl-4"/>
      </object_component>
      <object_component id="oc-b9">
         <name>ramfuncs</name>
         <load_address>0x3e8000</load_address>
         <run_address>0x8000</run_address>
         <size>0x4</size>
         <input_file_ref idref="fl-d"/>
      </object_component>
      <object_component id="oc-10d">
         <name>.stack</name>
         <uninitialized>true</uninitialized>
         <run_address>0x50</run_address>
         <size>0x0</size>
         <input_file_ref idref="fl-1e"/>
      </object_component>
      <object_component id="oc-1b2">
         <name>.stack</name>
         <uninitialized>true</uninitialized>
         <run_address>0x50</run_address>
         <size>0x0</size>
      </object_component>
      <object_component id="oc-5a">
         <name>.ebss</name>
         <uninitialized>true</uninitialized>
         <run_address>0x8f90</run_address>
         <size>0x18</size>
         <input_file_ref idref="fl-5"/>
      </object_component>
      <object_component id="oc-c0">
         <name>.ebss</name>
         <uninitialized>true</uninitialized>
         <run_address>0x902c</run_address>
         <size>0x6</size>
         <input_file_ref idref="fl-e"/>
      </object_component>
      <object_component id="oc-c8">
         <name>.ebss</name>
         <uninitialized>true</uninitialized>
         <run_address>0x8fa8</run_address>
         <size>0x16</size>
         <input_file_ref idref="fl-f"/>
      </object_component>
      <object_component id="oc-ce">
         <name>.ebss</name>
         <uninitialized>true</uninitialized>
         <run_address>0x9000</run_address>
         <size>0x16</size>
         <input_file_ref idref="fl-10"/>
      </object_component>
      <object_component id="oc-d6">
         <name>.ebss</name>
         <uninitialized>true</uninitialized>
         <run_address>0x9032</run_address>
         <size>0x6</size>
         <input_file_ref idref="fl-11"/>
      </object_component>
      <object_component id="oc-de">
         <name>.ebss</name>
         <uninitialized>true</uninitialized>
         <run_address>0x8fc0</run_address>
         <size>0x3b</size>
         <input_file_ref idref="fl-12"/>
      </object_component>
      <object_component id="oc-ea">
         <name>.ebss</name>
         <uninitialized>true</uninitialized>
         <run_address>0x8c00</run_address>
         <size>0x280</size>
         <input_file_ref idref="fl-14"/>
      </object_component>
      <object_component id="oc-f1">
         <name>.ebss</name>
         <uninitialized>true</uninitialized>
         <run_address>0x8f40</run_address>
         <size>0x50</size>
         <input_file_ref idref="fl-15"/>
      </object_component>
      <object_component id="oc-f8">
         <name>.ebss</name>
         <uninitialized>true</uninitialized>
         <run_address>0x8e80</run_address>
         <size>0xc0</size>
         <input_file_ref idref="fl-16"/>
      </object_component>
      <object_component id="oc-100">
         <name>.ebss</name>
         <uninitialized>true</uninitialized>
         <run_address>0x9016</run_address>
         <size>0x16</size>
         <input_file_ref idref="fl-17"/>
      </object_component>
      <object_component id="oc-107">
         <name>.ebss</name>
         <uninitialized>true</uninitialized>
         <run_address>0x8ffc</run_address>
         <size>0x4</size>
         <input_file_ref idref="fl-18"/>
      </object_component>
      <object_component id="oc-129">
         <name>.ebss</name>
         <uninitialized>true</uninitialized>
         <run_address>0x9038</run_address>
         <size>0x6</size>
         <input_file_ref idref="fl-23"/>
      </object_component>
      <object_component id="oc-157">
         <name>.ebss:__unlock</name>
         <uninitialized>true</uninitialized>
         <run_address>0x903e</run_address>
         <size>0x2</size>
         <input_file_ref idref="fl-24"/>
      </object_component>
      <object_component id="oc-141">
         <name>.ebss:__lock</name>
         <uninitialized>true</uninitialized>
         <run_address>0x8fbe</run_address>
         <size>0x2</size>
         <input_file_ref idref="fl-24"/>
      </object_component>
      <object_component id="oc-150">
         <name>.econst:_PieVectTableInit</name>
         <load_address>0x3f2ef6</load_address>
         <run_address>0x3f2ef6</run_address>
         <size>0x100</size>
         <input_file_ref idref="fl-a"/>
      </object_component>
      <object_component id="oc-155">
         <name>.econst:_direct_ctrl_default</name>
         <load_address>0x3f2ff6</load_address>
         <run_address>0x3f2ff6</run_address>
         <size>0x6</size>
         <input_file_ref idref="fl-15"/>
      </object_component>
      <object_component id="oc-156">
         <name>.econst:_registermode_ctrl_default</name>
         <load_address>0x3f2ffc</load_address>
         <run_address>0x3f2ffc</run_address>
         <size>0x6</size>
         <input_file_ref idref="fl-15"/>
      </object_component>
      <object_component id="oc-c1">
         <name>.econst</name>
         <load_address>0x3f3002</load_address>
         <run_address>0x3f3002</run_address>
         <size>0x1</size>
         <input_file_ref idref="fl-e"/>
      </object_component>
      <object_component id="oc-154">
         <name>.switch:_parse_command</name>
         <load_address>0x3f30fc</load_address>
         <run_address>0x3f30fc</run_address>
         <size>0x2a</size>
         <input_file_ref idref="fl-12"/>
      </object_component>
      <object_component id="oc-153">
         <name>.switch:_send_prog_result</name>
         <load_address>0x3f3126</load_address>
         <run_address>0x3f3126</run_address>
         <size>0x1c</size>
         <input_file_ref idref="fl-12"/>
      </object_component>
      <object_component id="oc-10e">
         <name>.reset</name>
         <load_address>0x3fffc0</load_address>
         <run_address>0x3fffc0</run_address>
         <size>0x2</size>
         <input_file_ref idref="fl-1e"/>
      </object_component>
      <object_component id="oc-a1">
         <name>PieVectTableFile</name>
         <uninitialized>true</uninitialized>
         <run_address>0xd00</run_address>
         <size>0x100</size>
         <input_file_ref idref="fl-8"/>
      </object_component>
      <object_component id="oc-6c">
         <name>EmuKeyVar</name>
         <uninitialized>true</uninitialized>
         <run_address>0xd00</run_address>
         <size>0x1</size>
         <input_file_ref idref="fl-8"/>
      </object_component>
      <object_component id="oc-6d">
         <name>EmuBModeVar</name>
         <uninitialized>true</uninitialized>
         <run_address>0xd01</run_address>
         <size>0x1</size>
         <input_file_ref idref="fl-8"/>
      </object_component>
      <object_component id="oc-6e">
         <name>FlashCallbackVar</name>
         <uninitialized>true</uninitialized>
         <run_address>0xd02</run_address>
         <size>0x2</size>
         <input_file_ref idref="fl-8"/>
      </object_component>
      <object_component id="oc-6f">
         <name>FlashScalingVar</name>
         <uninitialized>true</uninitialized>
         <run_address>0xd04</run_address>
         <size>0x2</size>
         <input_file_ref idref="fl-8"/>
      </object_component>
      <object_component id="oc-71">
         <name>DevEmuRegsFile</name>
         <uninitialized>true</uninitialized>
         <run_address>0x880</run_address>
         <size>0x4</size>
         <input_file_ref idref="fl-8"/>
      </object_component>
      <object_component id="oc-70">
         <name>SysPwrCtrlRegsFile</name>
         <uninitialized>true</uninitialized>
         <run_address>0x985</run_address>
         <size>0x3</size>
         <input_file_ref idref="fl-8"/>
      </object_component>
      <object_component id="oc-72">
         <name>FlashRegsFile</name>
         <uninitialized>true</uninitialized>
         <run_address>0xa80</run_address>
         <size>0x8</size>
         <input_file_ref idref="fl-8"/>
      </object_component>
      <object_component id="oc-7c">
         <name>CsmRegsFile</name>
         <uninitialized>true</uninitialized>
         <run_address>0xae0</run_address>
         <size>0x10</size>
         <input_file_ref idref="fl-8"/>
      </object_component>
      <object_component id="oc-79">
         <name>AdcResultFile</name>
         <uninitialized>true</uninitialized>
         <run_address>0xb00</run_address>
         <size>0x10</size>
         <input_file_ref idref="fl-8"/>
      </object_component>
      <object_component id="oc-73">
         <name>CpuTimer0RegsFile</name>
         <uninitialized>true</uninitialized>
         <run_address>0xc00</run_address>
         <size>0x8</size>
         <input_file_ref idref="fl-8"/>
      </object_component>
      <object_component id="oc-76">
         <name>CpuTimer1RegsFile</name>
         <uninitialized>true</uninitialized>
         <run_address>0xc08</run_address>
         <size>0x8</size>
         <input_file_ref idref="fl-8"/>
      </object_component>
      <object_component id="oc-74">
         <name>CpuTimer2RegsFile</name>
         <uninitialized>true</uninitialized>
         <run_address>0xc10</run_address>
         <size>0x8</size>
         <input_file_ref idref="fl-8"/>
      </object_component>
      <object_component id="oc-82">
         <name>PieCtrlRegsFile</name>
         <uninitialized>true</uninitialized>
         <run_address>0xce0</run_address>
         <size>0x1a</size>
         <input_file_ref idref="fl-8"/>
      </object_component>
      <object_component id="oc-97">
         <name>Cla1RegsFile</name>
         <uninitialized>true</uninitialized>
         <run_address>0x1400</run_address>
         <size>0x40</size>
         <input_file_ref idref="fl-8"/>
      </object_component>
      <object_component id="oc-a0">
         <name>DmaRegsFile</name>
         <uninitialized>true</uninitialized>
         <run_address>0x1000</run_address>
         <size>0xe0</size>
         <input_file_ref idref="fl-8"/>
      </object_component>
      <object_component id="oc-91">
         <name>ECanaRegsFile</name>
         <uninitialized>true</uninitialized>
         <run_address>0x6000</run_address>
         <size>0x34</size>
         <input_file_ref idref="fl-8"/>
      </object_component>
      <object_component id="oc-95">
         <name>ECanaLAMRegsFile</name>
         <uninitialized>true</uninitialized>
         <run_address>0x6040</run_address>
         <size>0x40</size>
         <input_file_ref idref="fl-8"/>
      </object_component>
      <object_component id="oc-a2">
         <name>ECanaMboxesFile</name>
         <uninitialized>true</uninitialized>
         <run_address>0x6100</run_address>
         <size>0x100</size>
         <input_file_ref idref="fl-8"/>
      </object_component>
      <object_component id="oc-96">
         <name>ECanaMOTSRegsFile</name>
         <uninitialized>true</uninitialized>
         <run_address>0x6080</run_address>
         <size>0x40</size>
         <input_file_ref idref="fl-8"/>
      </object_component>
      <object_component id="oc-92">
         <name>ECanaMOTORegsFile</name>
         <uninitialized>true</uninitialized>
         <run_address>0x60c0</run_address>
         <size>0x40</size>
         <input_file_ref idref="fl-8"/>
      </object_component>
      <object_component id="oc-8a">
         <name>ECap1RegsFile</name>
         <uninitialized>true</uninitialized>
         <run_address>0x6a00</run_address>
         <size>0x20</size>
         <input_file_ref idref="fl-8"/>
      </object_component>
      <object_component id="oc-89">
         <name>ECap2RegsFile</name>
         <uninitialized>true</uninitialized>
         <run_address>0x6a20</run_address>
         <size>0x20</size>
         <input_file_ref idref="fl-8"/>
      </object_component>
      <object_component id="oc-8b">
         <name>ECap3RegsFile</name>
         <uninitialized>true</uninitialized>
         <run_address>0x6a40</run_address>
         <size>0x20</size>
         <input_file_ref idref="fl-8"/>
      </object_component>
      <object_component id="oc-8e">
         <name>EQep1RegsFile</name>
         <uninitialized>true</uninitialized>
         <run_address>0x6b00</run_address>
         <size>0x22</size>
         <input_file_ref idref="fl-8"/>
      </object_component>
      <object_component id="oc-8c">
         <name>EQep2RegsFile</name>
         <uninitialized>true</uninitialized>
         <run_address>0x6b40</run_address>
         <size>0x22</size>
         <input_file_ref idref="fl-8"/>
      </object_component>
      <object_component id="oc-9a">
         <name>GpioCtrlRegsFile</name>
         <uninitialized>true</uninitialized>
         <run_address>0x6f80</run_address>
         <size>0x40</size>
         <input_file_ref idref="fl-8"/>
      </object_component>
      <object_component id="oc-84">
         <name>GpioDataRegsFile</name>
         <uninitialized>true</uninitialized>
         <run_address>0x6fc0</run_address>
         <size>0x20</size>
         <input_file_ref idref="fl-8"/>
      </object_component>
      <object_component id="oc-83">
         <name>GpioIntRegsFile</name>
         <uninitialized>true</uninitialized>
         <run_address>0x6fe0</run_address>
         <size>0x20</size>
         <input_file_ref idref="fl-8"/>
      </object_component>
      <object_component id="oc-87">
         <name>HRCap1RegsFile</name>
         <uninitialized>true</uninitialized>
         <run_address>0x6ac0</run_address>
         <size>0x20</size>
         <input_file_ref idref="fl-8"/>
      </object_component>
      <object_component id="oc-88">
         <name>HRCap2RegsFile</name>
         <uninitialized>true</uninitialized>
         <run_address>0x6ae0</run_address>
         <size>0x20</size>
         <input_file_ref idref="fl-8"/>
      </object_component>
      <object_component id="oc-85">
         <name>HRCap3RegsFile</name>
         <uninitialized>true</uninitialized>
         <run_address>0x6c80</run_address>
         <size>0x20</size>
         <input_file_ref idref="fl-8"/>
      </object_component>
      <object_component id="oc-86">
         <name>HRCap4RegsFile</name>
         <uninitialized>true</uninitialized>
         <run_address>0x6ca0</run_address>
         <size>0x20</size>
         <input_file_ref idref="fl-8"/>
      </object_component>
      <object_component id="oc-90">
         <name>SysCtrlRegsFile</name>
         <uninitialized>true</uninitialized>
         <run_address>0x7010</run_address>
         <size>0x30</size>
         <input_file_ref idref="fl-8"/>
      </object_component>
      <object_component id="oc-78">
         <name>SpiaRegsFile</name>
         <uninitialized>true</uninitialized>
         <run_address>0x7040</run_address>
         <size>0x10</size>
         <input_file_ref idref="fl-8"/>
      </object_component>
      <object_component id="oc-7d">
         <name>SpibRegsFile</name>
         <uninitialized>true</uninitialized>
         <run_address>0x7740</run_address>
         <size>0x10</size>
         <input_file_ref idref="fl-8"/>
      </object_component>
      <object_component id="oc-7a">
         <name>SciaRegsFile</name>
         <uninitialized>true</uninitialized>
         <run_address>0x7050</run_address>
         <size>0x10</size>
         <input_file_ref idref="fl-8"/>
      </object_component>
      <object_component id="oc-77">
         <name>ScibRegsFile</name>
         <uninitialized>true</uninitialized>
         <run_address>0x7750</run_address>
         <size>0x10</size>
         <input_file_ref idref="fl-8"/>
      </object_component>
      <object_component id="oc-7b">
         <name>NmiIntruptRegsFile</name>
         <uninitialized>true</uninitialized>
         <run_address>0x7060</run_address>
         <size>0x10</size>
         <input_file_ref idref="fl-8"/>
      </object_component>
      <object_component id="oc-7e">
         <name>XIntruptRegsFile</name>
         <uninitialized>true</uninitialized>
         <run_address>0x7070</run_address>
         <size>0x10</size>
         <input_file_ref idref="fl-8"/>
      </object_component>
      <object_component id="oc-9f">
         <name>AdcRegsFile</name>
         <uninitialized>true</uninitialized>
         <run_address>0x7100</run_address>
         <size>0x50</size>
         <input_file_ref idref="fl-8"/>
      </object_component>
      <object_component id="oc-8d">
         <name>I2caRegsFile</name>
         <uninitialized>true</uninitialized>
         <run_address>0x7900</run_address>
         <size>0x22</size>
         <input_file_ref idref="fl-8"/>
      </object_component>
      <object_component id="oc-80">
         <name>Comp1RegsFile</name>
         <uninitialized>true</uninitialized>
         <run_address>0x6400</run_address>
         <size>0x14</size>
         <input_file_ref idref="fl-8"/>
      </object_component>
      <object_component id="oc-7f">
         <name>Comp2RegsFile</name>
         <uninitialized>true</uninitialized>
         <run_address>0x6420</run_address>
         <size>0x14</size>
         <input_file_ref idref="fl-8"/>
      </object_component>
      <object_component id="oc-81">
         <name>Comp3RegsFile</name>
         <uninitialized>true</uninitialized>
         <run_address>0x6440</run_address>
         <size>0x14</size>
         <input_file_ref idref="fl-8"/>
      </object_component>
      <object_component id="oc-94">
         <name>EPwm1RegsFile</name>
         <uninitialized>true</uninitialized>
         <run_address>0x6800</run_address>
         <size>0x40</size>
         <input_file_ref idref="fl-8"/>
      </object_component>
      <object_component id="oc-93">
         <name>EPwm2RegsFile</name>
         <uninitialized>true</uninitialized>
         <run_address>0x6840</run_address>
         <size>0x40</size>
         <input_file_ref idref="fl-8"/>
      </object_component>
      <object_component id="oc-9e">
         <name>EPwm3RegsFile</name>
         <uninitialized>true</uninitialized>
         <run_address>0x6880</run_address>
         <size>0x40</size>
         <input_file_ref idref="fl-8"/>
      </object_component>
      <object_component id="oc-9c">
         <name>EPwm4RegsFile</name>
         <uninitialized>true</uninitialized>
         <run_address>0x68c0</run_address>
         <size>0x40</size>
         <input_file_ref idref="fl-8"/>
      </object_component>
      <object_component id="oc-9d">
         <name>EPwm5RegsFile</name>
         <uninitialized>true</uninitialized>
         <run_address>0x6900</run_address>
         <size>0x40</size>
         <input_file_ref idref="fl-8"/>
      </object_component>
      <object_component id="oc-99">
         <name>EPwm6RegsFile</name>
         <uninitialized>true</uninitialized>
         <run_address>0x6940</run_address>
         <size>0x40</size>
         <input_file_ref idref="fl-8"/>
      </object_component>
      <object_component id="oc-98">
         <name>EPwm7RegsFile</name>
         <uninitialized>true</uninitialized>
         <run_address>0x6980</run_address>
         <size>0x40</size>
         <input_file_ref idref="fl-8"/>
      </object_component>
      <object_component id="oc-9b">
         <name>EPwm8RegsFile</name>
         <uninitialized>true</uninitialized>
         <run_address>0x69c0</run_address>
         <size>0x40</size>
         <input_file_ref idref="fl-8"/>
      </object_component>
      <object_component id="oc-8f">
         <name>McbspaRegsFile</name>
         <uninitialized>true</uninitialized>
         <run_address>0x5000</run_address>
         <size>0x24</size>
         <input_file_ref idref="fl-8"/>
      </object_component>
      <object_component id="oc-a3">
         <name>Usb0RegsFile</name>
         <uninitialized>true</uninitialized>
         <run_address>0x4000</run_address>
         <size>0x454</size>
         <input_file_ref idref="fl-8"/>
      </object_component>
      <object_component id="oc-75">
         <name>CsmPwlFile</name>
         <uninitialized>true</uninitialized>
         <run_address>0x3f7ff8</run_address>
         <size>0x8</size>
         <input_file_ref idref="fl-8"/>
      </object_component>
      <object_component id="oc-6b">
         <name>PartIdRegsFile</name>
         <uninitialized>true</uninitialized>
         <run_address>0x3d7e80</run_address>
         <size>0x1</size>
         <input_file_ref idref="fl-8"/>
      </object_component>
      <object_component id="oc-55">
         <name>.debug_info</name>
         <load_address>0x0</load_address>
         <run_address>0x0</run_address>
         <size>0x1eb</size>
         <input_file_ref idref="fl-4"/>
      </object_component>
      <object_component id="oc-59">
         <name>.debug_info</name>
         <load_address>0x1eb</load_address>
         <run_address>0x1eb</run_address>
         <size>0x882</size>
         <input_file_ref idref="fl-5"/>
      </object_component>
      <object_component id="oc-5f">
         <name>.debug_info</name>
         <load_address>0xa6d</load_address>
         <run_address>0xa6d</run_address>
         <size>0x559d</size>
         <input_file_ref idref="fl-6"/>
      </object_component>
      <object_component id="oc-65">
         <name>.debug_info</name>
         <load_address>0x600a</load_address>
         <run_address>0x600a</run_address>
         <size>0x2429</size>
         <input_file_ref idref="fl-7"/>
      </object_component>
      <object_component id="oc-6a">
         <name>.debug_info</name>
         <load_address>0x8433</load_address>
         <run_address>0x8433</run_address>
         <size>0x1b06e</size>
         <input_file_ref idref="fl-8"/>
      </object_component>
      <object_component id="oc-a5">
         <name>.debug_info</name>
         <load_address>0x234a1</load_address>
         <run_address>0x234a1</run_address>
         <size>0xc9c</size>
         <input_file_ref idref="fl-9"/>
      </object_component>
      <object_component id="oc-aa">
         <name>.debug_info</name>
         <load_address>0x2413d</load_address>
         <run_address>0x2413d</run_address>
         <size>0x2553</size>
         <input_file_ref idref="fl-a"/>
      </object_component>
      <object_component id="oc-af">
         <name>.debug_info</name>
         <load_address>0x26690</load_address>
         <run_address>0x26690</run_address>
         <size>0x1c77</size>
         <input_file_ref idref="fl-b"/>
      </object_component>
      <object_component id="oc-b4">
         <name>.debug_info</name>
         <load_address>0x28307</load_address>
         <run_address>0x28307</run_address>
         <size>0x2eef</size>
         <input_file_ref idref="fl-c"/>
      </object_component>
      <object_component id="oc-ba">
         <name>.debug_info</name>
         <load_address>0x2b1f6</load_address>
         <run_address>0x2b1f6</run_address>
         <size>0x171</size>
         <input_file_ref idref="fl-d"/>
      </object_component>
      <object_component id="oc-be">
         <name>.debug_info</name>
         <load_address>0x2b367</load_address>
         <run_address>0x2b367</run_address>
         <size>0x1f06</size>
         <input_file_ref idref="fl-e"/>
      </object_component>
      <object_component id="oc-c7">
         <name>.debug_info</name>
         <load_address>0x2d26d</load_address>
         <run_address>0x2d26d</run_address>
         <size>0x728</size>
         <input_file_ref idref="fl-f"/>
      </object_component>
      <object_component id="oc-cd">
         <name>.debug_info</name>
         <load_address>0x2d995</load_address>
         <run_address>0x2d995</run_address>
         <size>0x53b5</size>
         <input_file_ref idref="fl-10"/>
      </object_component>
      <object_component id="oc-d4">
         <name>.debug_info</name>
         <load_address>0x32d4a</load_address>
         <run_address>0x32d4a</run_address>
         <size>0x37ac</size>
         <input_file_ref idref="fl-11"/>
      </object_component>
      <object_component id="oc-dc">
         <name>.debug_info</name>
         <load_address>0x364f6</load_address>
         <run_address>0x364f6</run_address>
         <size>0x2b51</size>
         <input_file_ref idref="fl-12"/>
      </object_component>
      <object_component id="oc-e3">
         <name>.debug_info</name>
         <load_address>0x39047</load_address>
         <run_address>0x39047</run_address>
         <size>0x1fb3</size>
         <input_file_ref idref="fl-13"/>
      </object_component>
      <object_component id="oc-e8">
         <name>.debug_info</name>
         <load_address>0x3affa</load_address>
         <run_address>0x3affa</run_address>
         <size>0x61ce</size>
         <input_file_ref idref="fl-14"/>
      </object_component>
      <object_component id="oc-ef">
         <name>.debug_info</name>
         <load_address>0x411c8</load_address>
         <run_address>0x411c8</run_address>
         <size>0x2624</size>
         <input_file_ref idref="fl-15"/>
      </object_component>
      <object_component id="oc-f6">
         <name>.debug_info</name>
         <load_address>0x437ec</load_address>
         <run_address>0x437ec</run_address>
         <size>0x2aea</size>
         <input_file_ref idref="fl-16"/>
      </object_component>
      <object_component id="oc-fe">
         <name>.debug_info</name>
         <load_address>0x462d6</load_address>
         <run_address>0x462d6</run_address>
         <size>0x2900</size>
         <input_file_ref idref="fl-17"/>
      </object_component>
      <object_component id="oc-105">
         <name>.debug_info</name>
         <load_address>0x48bd6</load_address>
         <run_address>0x48bd6</run_address>
         <size>0x89a</size>
         <input_file_ref idref="fl-18"/>
      </object_component>
      <object_component id="oc-10f">
         <name>.debug_info</name>
         <load_address>0x49470</load_address>
         <run_address>0x49470</run_address>
         <size>0x16b</size>
         <input_file_ref idref="fl-1e"/>
      </object_component>
      <object_component id="oc-113">
         <name>.debug_info</name>
         <load_address>0x495db</load_address>
         <run_address>0x495db</run_address>
         <size>0x49c</size>
         <input_file_ref idref="fl-1f"/>
      </object_component>
      <object_component id="oc-118">
         <name>.debug_info</name>
         <load_address>0x49a77</load_address>
         <run_address>0x49a77</run_address>
         <size>0x3df</size>
         <input_file_ref idref="fl-20"/>
      </object_component>
      <object_component id="oc-11d">
         <name>.debug_info</name>
         <load_address>0x49e56</load_address>
         <run_address>0x49e56</run_address>
         <size>0x3e2</size>
         <input_file_ref idref="fl-21"/>
      </object_component>
      <object_component id="oc-122">
         <name>.debug_info</name>
         <load_address>0x4a238</load_address>
         <run_address>0x4a238</run_address>
         <size>0x574</size>
         <input_file_ref idref="fl-22"/>
      </object_component>
      <object_component id="oc-127">
         <name>.debug_info</name>
         <load_address>0x4a7ac</load_address>
         <run_address>0x4a7ac</run_address>
         <size>0x579</size>
         <input_file_ref idref="fl-23"/>
      </object_component>
      <object_component id="oc-12e">
         <name>.debug_info</name>
         <load_address>0x4ad25</load_address>
         <run_address>0x4ad25</run_address>
         <size>0x501</size>
         <input_file_ref idref="fl-24"/>
      </object_component>
      <object_component id="oc-133">
         <name>.debug_info</name>
         <load_address>0x4b226</load_address>
         <run_address>0x4b226</run_address>
         <size>0x46f</size>
         <input_file_ref idref="fl-25"/>
      </object_component>
      <object_component id="oc-1b3">
         <name>.debug_info</name>
         <load_address>0x4b695</load_address>
         <run_address>0x4b695</run_address>
         <size>0xa3</size>
      </object_component>
      <object_component id="oc-56">
         <name>.debug_line</name>
         <load_address>0x0</load_address>
         <run_address>0x0</run_address>
         <size>0xaa</size>
         <input_file_ref idref="fl-4"/>
      </object_component>
      <object_component id="oc-5c">
         <name>.debug_line</name>
         <load_address>0xaa</load_address>
         <run_address>0xaa</run_address>
         <size>0x7b</size>
         <input_file_ref idref="fl-5"/>
      </object_component>
      <object_component id="oc-62">
         <name>.debug_line</name>
         <load_address>0x125</load_address>
         <run_address>0x125</run_address>
         <size>0x8bd</size>
         <input_file_ref idref="fl-6"/>
      </object_component>
      <object_component id="oc-67">
         <name>.debug_line</name>
         <load_address>0x9e2</load_address>
         <run_address>0x9e2</run_address>
         <size>0x1db</size>
         <input_file_ref idref="fl-7"/>
      </object_component>
      <object_component id="oc-a7">
         <name>.debug_line</name>
         <load_address>0xbbd</load_address>
         <run_address>0xbbd</run_address>
         <size>0xcb</size>
         <input_file_ref idref="fl-9"/>
      </object_component>
      <object_component id="oc-ac">
         <name>.debug_line</name>
         <load_address>0xc88</load_address>
         <run_address>0xc88</run_address>
         <size>0xad</size>
         <input_file_ref idref="fl-a"/>
      </object_component>
      <object_component id="oc-b1">
         <name>.debug_line</name>
         <load_address>0xd35</load_address>
         <run_address>0xd35</run_address>
         <size>0xe0</size>
         <input_file_ref idref="fl-b"/>
      </object_component>
      <object_component id="oc-b6">
         <name>.debug_line</name>
         <load_address>0xe15</load_address>
         <run_address>0xe15</run_address>
         <size>0x23b</size>
         <input_file_ref idref="fl-c"/>
      </object_component>
      <object_component id="oc-bb">
         <name>.debug_line</name>
         <load_address>0x1050</load_address>
         <run_address>0x1050</run_address>
         <size>0x8e</size>
         <input_file_ref idref="fl-d"/>
      </object_component>
      <object_component id="oc-c4">
         <name>.debug_line</name>
         <load_address>0x10de</load_address>
         <run_address>0x10de</run_address>
         <size>0x9e</size>
         <input_file_ref idref="fl-e"/>
      </object_component>
      <object_component id="oc-ca">
         <name>.debug_line</name>
         <load_address>0x117c</load_address>
         <run_address>0x117c</run_address>
         <size>0xc7</size>
         <input_file_ref idref="fl-f"/>
      </object_component>
      <object_component id="oc-d1">
         <name>.debug_line</name>
         <load_address>0x1243</load_address>
         <run_address>0x1243</run_address>
         <size>0x192</size>
         <input_file_ref idref="fl-10"/>
      </object_component>
      <object_component id="oc-d9">
         <name>.debug_line</name>
         <load_address>0x13d5</load_address>
         <run_address>0x13d5</run_address>
         <size>0x179</size>
         <input_file_ref idref="fl-11"/>
      </object_component>
      <object_component id="oc-e0">
         <name>.debug_line</name>
         <load_address>0x154e</load_address>
         <run_address>0x154e</run_address>
         <size>0x76d</size>
         <input_file_ref idref="fl-12"/>
      </object_component>
      <object_component id="oc-e5">
         <name>.debug_line</name>
         <load_address>0x1cbb</load_address>
         <run_address>0x1cbb</run_address>
         <size>0x7a</size>
         <input_file_ref idref="fl-13"/>
      </object_component>
      <object_component id="oc-ec">
         <name>.debug_line</name>
         <load_address>0x1d35</load_address>
         <run_address>0x1d35</run_address>
         <size>0x12c8</size>
         <input_file_ref idref="fl-14"/>
      </object_component>
      <object_component id="oc-f3">
         <name>.debug_line</name>
         <load_address>0x2ffd</load_address>
         <run_address>0x2ffd</run_address>
         <size>0x75e</size>
         <input_file_ref idref="fl-15"/>
      </object_component>
      <object_component id="oc-fb">
         <name>.debug_line</name>
         <load_address>0x375b</load_address>
         <run_address>0x375b</run_address>
         <size>0x1d5</size>
         <input_file_ref idref="fl-16"/>
      </object_component>
      <object_component id="oc-102">
         <name>.debug_line</name>
         <load_address>0x3930</load_address>
         <run_address>0x3930</run_address>
         <size>0x2f7</size>
         <input_file_ref idref="fl-17"/>
      </object_component>
      <object_component id="oc-109">
         <name>.debug_line</name>
         <load_address>0x3c27</load_address>
         <run_address>0x3c27</run_address>
         <size>0xf3</size>
         <input_file_ref idref="fl-18"/>
      </object_component>
      <object_component id="oc-110">
         <name>.debug_line</name>
         <load_address>0x3d1a</load_address>
         <run_address>0x3d1a</run_address>
         <size>0x7e</size>
         <input_file_ref idref="fl-1e"/>
      </object_component>
      <object_component id="oc-115">
         <name>.debug_line</name>
         <load_address>0x3d98</load_address>
         <run_address>0x3d98</run_address>
         <size>0x55</size>
         <input_file_ref idref="fl-1f"/>
      </object_component>
      <object_component id="oc-11a">
         <name>.debug_line</name>
         <load_address>0x3ded</load_address>
         <run_address>0x3ded</run_address>
         <size>0x3a</size>
         <input_file_ref idref="fl-20"/>
      </object_component>
      <object_component id="oc-11f">
         <name>.debug_line</name>
         <load_address>0x3e27</load_address>
         <run_address>0x3e27</run_address>
         <size>0x3e</size>
         <input_file_ref idref="fl-21"/>
      </object_component>
      <object_component id="oc-124">
         <name>.debug_line</name>
         <load_address>0x3e65</load_address>
         <run_address>0x3e65</run_address>
         <size>0x50</size>
         <input_file_ref idref="fl-22"/>
      </object_component>
      <object_component id="oc-12b">
         <name>.debug_line</name>
         <load_address>0x3eb5</load_address>
         <run_address>0x3eb5</run_address>
         <size>0x65</size>
         <input_file_ref idref="fl-23"/>
      </object_component>
      <object_component id="oc-130">
         <name>.debug_line</name>
         <load_address>0x3f1a</load_address>
         <run_address>0x3f1a</run_address>
         <size>0x5e</size>
         <input_file_ref idref="fl-24"/>
      </object_component>
      <object_component id="oc-135">
         <name>.debug_line</name>
         <load_address>0x3f78</load_address>
         <run_address>0x3f78</run_address>
         <size>0x62</size>
         <input_file_ref idref="fl-25"/>
      </object_component>
      <object_component id="oc-57">
         <name>.debug_abbrev</name>
         <load_address>0x0</load_address>
         <run_address>0x0</run_address>
         <size>0x21</size>
         <input_file_ref idref="fl-4"/>
      </object_component>
      <object_component id="oc-5d">
         <name>.debug_abbrev</name>
         <load_address>0x21</load_address>
         <run_address>0x21</run_address>
         <size>0xfd</size>
         <input_file_ref idref="fl-5"/>
      </object_component>
      <object_component id="oc-63">
         <name>.debug_abbrev</name>
         <load_address>0x11e</load_address>
         <run_address>0x11e</run_address>
         <size>0xde</size>
         <input_file_ref idref="fl-6"/>
      </object_component>
      <object_component id="oc-68">
         <name>.debug_abbrev</name>
         <load_address>0x1fc</load_address>
         <run_address>0x1fc</run_address>
         <size>0x138</size>
         <input_file_ref idref="fl-7"/>
      </object_component>
      <object_component id="oc-a4">
         <name>.debug_abbrev</name>
         <load_address>0x334</load_address>
         <run_address>0x334</run_address>
         <size>0xc4</size>
         <input_file_ref idref="fl-8"/>
      </object_component>
      <object_component id="oc-a8">
         <name>.debug_abbrev</name>
         <load_address>0x3f8</load_address>
         <run_address>0x3f8</run_address>
         <size>0xc8</size>
         <input_file_ref idref="fl-9"/>
      </object_component>
      <object_component id="oc-ad">
         <name>.debug_abbrev</name>
         <load_address>0x4c0</load_address>
         <run_address>0x4c0</run_address>
         <size>0x116</size>
         <input_file_ref idref="fl-a"/>
      </object_component>
      <object_component id="oc-b2">
         <name>.debug_abbrev</name>
         <load_address>0x5d6</load_address>
         <run_address>0x5d6</run_address>
         <size>0xea</size>
         <input_file_ref idref="fl-b"/>
      </object_component>
      <object_component id="oc-b7">
         <name>.debug_abbrev</name>
         <load_address>0x6c0</load_address>
         <run_address>0x6c0</run_address>
         <size>0x1a3</size>
         <input_file_ref idref="fl-c"/>
      </object_component>
      <object_component id="oc-bc">
         <name>.debug_abbrev</name>
         <load_address>0x863</load_address>
         <run_address>0x863</run_address>
         <size>0x2f</size>
         <input_file_ref idref="fl-d"/>
      </object_component>
      <object_component id="oc-c5">
         <name>.debug_abbrev</name>
         <load_address>0x892</load_address>
         <run_address>0x892</run_address>
         <size>0x15d</size>
         <input_file_ref idref="fl-e"/>
      </object_component>
      <object_component id="oc-cb">
         <name>.debug_abbrev</name>
         <load_address>0x9ef</load_address>
         <run_address>0x9ef</run_address>
         <size>0xf7</size>
         <input_file_ref idref="fl-f"/>
      </object_component>
      <object_component id="oc-d2">
         <name>.debug_abbrev</name>
         <load_address>0xae6</load_address>
         <run_address>0xae6</run_address>
         <size>0x1e4</size>
         <input_file_ref idref="fl-10"/>
      </object_component>
      <object_component id="oc-da">
         <name>.debug_abbrev</name>
         <load_address>0xcca</load_address>
         <run_address>0xcca</run_address>
         <size>0x1fb</size>
         <input_file_ref idref="fl-11"/>
      </object_component>
      <object_component id="oc-e1">
         <name>.debug_abbrev</name>
         <load_address>0xec5</load_address>
         <run_address>0xec5</run_address>
         <size>0x20a</size>
         <input_file_ref idref="fl-12"/>
      </object_component>
      <object_component id="oc-e6">
         <name>.debug_abbrev</name>
         <load_address>0x10cf</load_address>
         <run_address>0x10cf</run_address>
         <size>0x143</size>
         <input_file_ref idref="fl-13"/>
      </object_component>
      <object_component id="oc-ed">
         <name>.debug_abbrev</name>
         <load_address>0x1212</load_address>
         <run_address>0x1212</run_address>
         <size>0x251</size>
         <input_file_ref idref="fl-14"/>
      </object_component>
      <object_component id="oc-f4">
         <name>.debug_abbrev</name>
         <load_address>0x1463</load_address>
         <run_address>0x1463</run_address>
         <size>0x1b5</size>
         <input_file_ref idref="fl-15"/>
      </object_component>
      <object_component id="oc-fc">
         <name>.debug_abbrev</name>
         <load_address>0x1618</load_address>
         <run_address>0x1618</run_address>
         <size>0x235</size>
         <input_file_ref idref="fl-16"/>
      </object_component>
      <object_component id="oc-103">
         <name>.debug_abbrev</name>
         <load_address>0x184d</load_address>
         <run_address>0x184d</run_address>
         <size>0x254</size>
         <input_file_ref idref="fl-17"/>
      </object_component>
      <object_component id="oc-10a">
         <name>.debug_abbrev</name>
         <load_address>0x1aa1</load_address>
         <run_address>0x1aa1</run_address>
         <size>0x13a</size>
         <input_file_ref idref="fl-18"/>
      </object_component>
      <object_component id="oc-111">
         <name>.debug_abbrev</name>
         <load_address>0x1bdb</load_address>
         <run_address>0x1bdb</run_address>
         <size>0x46</size>
         <input_file_ref idref="fl-1e"/>
      </object_component>
      <object_component id="oc-116">
         <name>.debug_abbrev</name>
         <load_address>0x1c21</load_address>
         <run_address>0x1c21</run_address>
         <size>0xee</size>
         <input_file_ref idref="fl-1f"/>
      </object_component>
      <object_component id="oc-11b">
         <name>.debug_abbrev</name>
         <load_address>0x1d0f</load_address>
         <run_address>0x1d0f</run_address>
         <size>0x66</size>
         <input_file_ref idref="fl-20"/>
      </object_component>
      <object_component id="oc-120">
         <name>.debug_abbrev</name>
         <load_address>0x1d75</load_address>
         <run_address>0x1d75</run_address>
         <size>0x68</size>
         <input_file_ref idref="fl-21"/>
      </object_component>
      <object_component id="oc-125">
         <name>.debug_abbrev</name>
         <load_address>0x1ddd</load_address>
         <run_address>0x1ddd</run_address>
         <size>0xe3</size>
         <input_file_ref idref="fl-22"/>
      </object_component>
      <object_component id="oc-12c">
         <name>.debug_abbrev</name>
         <load_address>0x1ec0</load_address>
         <run_address>0x1ec0</run_address>
         <size>0x130</size>
         <input_file_ref idref="fl-23"/>
      </object_component>
      <object_component id="oc-131">
         <name>.debug_abbrev</name>
         <load_address>0x1ff0</load_address>
         <run_address>0x1ff0</run_address>
         <size>0xb2</size>
         <input_file_ref idref="fl-24"/>
      </object_component>
      <object_component id="oc-136">
         <name>.debug_abbrev</name>
         <load_address>0x20a2</load_address>
         <run_address>0x20a2</run_address>
         <size>0xa8</size>
         <input_file_ref idref="fl-25"/>
      </object_component>
      <object_component id="oc-1b4">
         <name>.debug_abbrev</name>
         <load_address>0x214a</load_address>
         <run_address>0x214a</run_address>
         <size>0xf</size>
      </object_component>
      <object_component id="oc-58">
         <name>.debug_aranges</name>
         <load_address>0x0</load_address>
         <run_address>0x0</run_address>
         <size>0x28</size>
         <input_file_ref idref="fl-4"/>
      </object_component>
      <object_component id="oc-5e">
         <name>.debug_aranges</name>
         <load_address>0x28</load_address>
         <run_address>0x28</run_address>
         <size>0x18</size>
         <input_file_ref idref="fl-5"/>
      </object_component>
      <object_component id="oc-64">
         <name>.debug_aranges</name>
         <load_address>0x40</load_address>
         <run_address>0x40</run_address>
         <size>0x2f8</size>
         <input_file_ref idref="fl-6"/>
      </object_component>
      <object_component id="oc-69">
         <name>.debug_aranges</name>
         <load_address>0x338</load_address>
         <run_address>0x338</run_address>
         <size>0x78</size>
         <input_file_ref idref="fl-7"/>
      </object_component>
      <object_component id="oc-a9">
         <name>.debug_aranges</name>
         <load_address>0x3b0</load_address>
         <run_address>0x3b0</run_address>
         <size>0x28</size>
         <input_file_ref idref="fl-9"/>
      </object_component>
      <object_component id="oc-ae">
         <name>.debug_aranges</name>
         <load_address>0x3d8</load_address>
         <run_address>0x3d8</run_address>
         <size>0x20</size>
         <input_file_ref idref="fl-a"/>
      </object_component>
      <object_component id="oc-b3">
         <name>.debug_aranges</name>
         <load_address>0x3f8</load_address>
         <run_address>0x3f8</run_address>
         <size>0x38</size>
         <input_file_ref idref="fl-b"/>
      </object_component>
      <object_component id="oc-b8">
         <name>.debug_aranges</name>
         <load_address>0x430</load_address>
         <run_address>0x430</run_address>
         <size>0x70</size>
         <input_file_ref idref="fl-c"/>
      </object_component>
      <object_component id="oc-bd">
         <name>.debug_aranges</name>
         <load_address>0x4a0</load_address>
         <run_address>0x4a0</run_address>
         <size>0x20</size>
         <input_file_ref idref="fl-d"/>
      </object_component>
      <object_component id="oc-c6">
         <name>.debug_aranges</name>
         <load_address>0x4c0</load_address>
         <run_address>0x4c0</run_address>
         <size>0x38</size>
         <input_file_ref idref="fl-e"/>
      </object_component>
      <object_component id="oc-cc">
         <name>.debug_aranges</name>
         <load_address>0x4f8</load_address>
         <run_address>0x4f8</run_address>
         <size>0x40</size>
         <input_file_ref idref="fl-f"/>
      </object_component>
      <object_component id="oc-d3">
         <name>.debug_aranges</name>
         <load_address>0x538</load_address>
         <run_address>0x538</run_address>
         <size>0x50</size>
         <input_file_ref idref="fl-10"/>
      </object_component>
      <object_component id="oc-db">
         <name>.debug_aranges</name>
         <load_address>0x588</load_address>
         <run_address>0x588</run_address>
         <size>0x40</size>
         <input_file_ref idref="fl-11"/>
      </object_component>
      <object_component id="oc-e2">
         <name>.debug_aranges</name>
         <load_address>0x5c8</load_address>
         <run_address>0x5c8</run_address>
         <size>0x98</size>
         <input_file_ref idref="fl-12"/>
      </object_component>
      <object_component id="oc-e7">
         <name>.debug_aranges</name>
         <load_address>0x660</load_address>
         <run_address>0x660</run_address>
         <size>0x20</size>
         <input_file_ref idref="fl-13"/>
      </object_component>
      <object_component id="oc-ee">
         <name>.debug_aranges</name>
         <load_address>0x680</load_address>
         <run_address>0x680</run_address>
         <size>0x2b8</size>
         <input_file_ref idref="fl-14"/>
      </object_component>
      <object_component id="oc-f5">
         <name>.debug_aranges</name>
         <load_address>0x938</load_address>
         <run_address>0x938</run_address>
         <size>0xe8</size>
         <input_file_ref idref="fl-15"/>
      </object_component>
      <object_component id="oc-fd">
         <name>.debug_aranges</name>
         <load_address>0xa20</load_address>
         <run_address>0xa20</run_address>
         <size>0x68</size>
         <input_file_ref idref="fl-16"/>
      </object_component>
      <object_component id="oc-104">
         <name>.debug_aranges</name>
         <load_address>0xa88</load_address>
         <run_address>0xa88</run_address>
         <size>0x78</size>
         <input_file_ref idref="fl-17"/>
      </object_component>
      <object_component id="oc-10b">
         <name>.debug_aranges</name>
         <load_address>0xb00</load_address>
         <run_address>0xb00</run_address>
         <size>0x30</size>
         <input_file_ref idref="fl-18"/>
      </object_component>
      <object_component id="oc-112">
         <name>.debug_aranges</name>
         <load_address>0xb30</load_address>
         <run_address>0xb30</run_address>
         <size>0x20</size>
         <input_file_ref idref="fl-1e"/>
      </object_component>
      <object_component id="oc-117">
         <name>.debug_aranges</name>
         <load_address>0xb50</load_address>
         <run_address>0xb50</run_address>
         <size>0x20</size>
         <input_file_ref idref="fl-1f"/>
      </object_component>
      <object_component id="oc-11c">
         <name>.debug_aranges</name>
         <load_address>0xb70</load_address>
         <run_address>0xb70</run_address>
         <size>0x20</size>
         <input_file_ref idref="fl-20"/>
      </object_component>
      <object_component id="oc-121">
         <name>.debug_aranges</name>
         <load_address>0xb90</load_address>
         <run_address>0xb90</run_address>
         <size>0x20</size>
         <input_file_ref idref="fl-21"/>
      </object_component>
      <object_component id="oc-126">
         <name>.debug_aranges</name>
         <load_address>0xbb0</load_address>
         <run_address>0xbb0</run_address>
         <size>0x20</size>
         <input_file_ref idref="fl-22"/>
      </object_component>
      <object_component id="oc-12d">
         <name>.debug_aranges</name>
         <load_address>0xbd0</load_address>
         <run_address>0xbd0</run_address>
         <size>0x28</size>
         <input_file_ref idref="fl-23"/>
      </object_component>
      <object_component id="oc-132">
         <name>.debug_aranges</name>
         <load_address>0xbf8</load_address>
         <run_address>0xbf8</run_address>
         <size>0x30</size>
         <input_file_ref idref="fl-24"/>
      </object_component>
      <object_component id="oc-137">
         <name>.debug_aranges</name>
         <load_address>0xc28</load_address>
         <run_address>0xc28</run_address>
         <size>0x20</size>
         <input_file_ref idref="fl-25"/>
      </object_component>
      <object_component id="oc-5b">
         <name>.debug_frame</name>
         <load_address>0x0</load_address>
         <run_address>0x0</run_address>
         <size>0x30</size>
         <input_file_ref idref="fl-5"/>
      </object_component>
      <object_component id="oc-61">
         <name>.debug_frame</name>
         <load_address>0x30</load_address>
         <run_address>0x30</run_address>
         <size>0xe94</size>
         <input_file_ref idref="fl-6"/>
      </object_component>
      <object_component id="oc-66">
         <name>.debug_frame</name>
         <load_address>0xec4</load_address>
         <run_address>0xec4</run_address>
         <size>0x150</size>
         <input_file_ref idref="fl-7"/>
      </object_component>
      <object_component id="oc-a6">
         <name>.debug_frame</name>
         <load_address>0x1014</load_address>
         <run_address>0x1014</run_address>
         <size>0x60</size>
         <input_file_ref idref="fl-9"/>
      </object_component>
      <object_component id="oc-ab">
         <name>.debug_frame</name>
         <load_address>0x1074</load_address>
         <run_address>0x1074</run_address>
         <size>0x4c</size>
         <input_file_ref idref="fl-a"/>
      </object_component>
      <object_component id="oc-b0">
         <name>.debug_frame</name>
         <load_address>0x10c0</load_address>
         <run_address>0x10c0</run_address>
         <size>0x90</size>
         <input_file_ref idref="fl-b"/>
      </object_component>
      <object_component id="oc-b5">
         <name>.debug_frame</name>
         <load_address>0x1150</load_address>
         <run_address>0x1150</run_address>
         <size>0x144</size>
         <input_file_ref idref="fl-c"/>
      </object_component>
      <object_component id="oc-c3">
         <name>.debug_frame</name>
         <load_address>0x1294</load_address>
         <run_address>0x1294</run_address>
         <size>0xa4</size>
         <input_file_ref idref="fl-e"/>
      </object_component>
      <object_component id="oc-c9">
         <name>.debug_frame</name>
         <load_address>0x1338</load_address>
         <run_address>0x1338</run_address>
         <size>0xb4</size>
         <input_file_ref idref="fl-f"/>
      </object_component>
      <object_component id="oc-d0">
         <name>.debug_frame</name>
         <load_address>0x13ec</load_address>
         <run_address>0x13ec</run_address>
         <size>0x134</size>
         <input_file_ref idref="fl-10"/>
      </object_component>
      <object_component id="oc-d8">
         <name>.debug_frame</name>
         <load_address>0x1520</load_address>
         <run_address>0x1520</run_address>
         <size>0xd0</size>
         <input_file_ref idref="fl-11"/>
      </object_component>
      <object_component id="oc-df">
         <name>.debug_frame</name>
         <load_address>0x15f0</load_address>
         <run_address>0x15f0</run_address>
         <size>0x1e8</size>
         <input_file_ref idref="fl-12"/>
      </object_component>
      <object_component id="oc-e4">
         <name>.debug_frame</name>
         <load_address>0x17d8</load_address>
         <run_address>0x17d8</run_address>
         <size>0x4c</size>
         <input_file_ref idref="fl-13"/>
      </object_component>
      <object_component id="oc-eb">
         <name>.debug_frame</name>
         <load_address>0x1824</load_address>
         <run_address>0x1824</run_address>
         <size>0x954</size>
         <input_file_ref idref="fl-14"/>
      </object_component>
      <object_component id="oc-f2">
         <name>.debug_frame</name>
         <load_address>0x2178</load_address>
         <run_address>0x2178</run_address>
         <size>0x2e4</size>
         <input_file_ref idref="fl-15"/>
      </object_component>
      <object_component id="oc-fa">
         <name>.debug_frame</name>
         <load_address>0x245c</load_address>
         <run_address>0x245c</run_address>
         <size>0x1a8</size>
         <input_file_ref idref="fl-16"/>
      </object_component>
      <object_component id="oc-101">
         <name>.debug_frame</name>
         <load_address>0x2604</load_address>
         <run_address>0x2604</run_address>
         <size>0x160</size>
         <input_file_ref idref="fl-17"/>
      </object_component>
      <object_component id="oc-108">
         <name>.debug_frame</name>
         <load_address>0x2764</load_address>
         <run_address>0x2764</run_address>
         <size>0x84</size>
         <input_file_ref idref="fl-18"/>
      </object_component>
      <object_component id="oc-114">
         <name>.debug_frame</name>
         <load_address>0x27e8</load_address>
         <run_address>0x27e8</run_address>
         <size>0x48</size>
         <input_file_ref idref="fl-1f"/>
      </object_component>
      <object_component id="oc-119">
         <name>.debug_frame</name>
         <load_address>0x2830</load_address>
         <run_address>0x2830</run_address>
         <size>0x48</size>
         <input_file_ref idref="fl-20"/>
      </object_component>
      <object_component id="oc-11e">
         <name>.debug_frame</name>
         <load_address>0x2878</load_address>
         <run_address>0x2878</run_address>
         <size>0x48</size>
         <input_file_ref idref="fl-21"/>
      </object_component>
      <object_component id="oc-123">
         <name>.debug_frame</name>
         <load_address>0x28c0</load_address>
         <run_address>0x28c0</run_address>
         <size>0x68</size>
         <input_file_ref idref="fl-22"/>
      </object_component>
      <object_component id="oc-12a">
         <name>.debug_frame</name>
         <load_address>0x2928</load_address>
         <run_address>0x2928</run_address>
         <size>0x68</size>
         <input_file_ref idref="fl-23"/>
      </object_component>
      <object_component id="oc-12f">
         <name>.debug_frame</name>
         <load_address>0x2990</load_address>
         <run_address>0x2990</run_address>
         <size>0x78</size>
         <input_file_ref idref="fl-24"/>
      </object_component>
      <object_component id="oc-134">
         <name>.debug_frame</name>
         <load_address>0x2a08</load_address>
         <run_address>0x2a08</run_address>
         <size>0x48</size>
         <input_file_ref idref="fl-25"/>
      </object_component>
   </object_component_list>
   <logical_group_list>
      <logical_group id="lg-2" display="no" color="cyan">
         <name>.cinit</name>
         <load_address>0x3f3003</load_address>
         <run_address>0x3f3003</run_address>
         <size>0xf9</size>
         <contents>
            <object_component_ref idref="oc-dd"/>
            <object_component_ref idref="oc-f0"/>
            <object_component_ref idref="oc-e9"/>
            <object_component_ref idref="oc-f7"/>
            <object_component_ref idref="oc-ff"/>
            <object_component_ref idref="oc-128"/>
            <object_component_ref idref="oc-bf"/>
            <object_component_ref idref="oc-106"/>
            <object_component_ref idref="oc-142"/>
            <object_component_ref idref="oc-14f"/>
            <object_component_ref idref="oc-d5"/>
         </contents>
      </logical_group>
      <logical_group id="lg-3" display="no" color="cyan">
         <name>.pinit</name>
         <run_address>0x0</run_address>
         <size>0x0</size>
         <contents>
         </contents>
      </logical_group>
      <logical_group id="lg-4" display="no" color="cyan">
         <name>.text</name>
         <load_address>0x3f0000</load_address>
         <run_address>0x3f0000</run_address>
         <size>0x2ef6</size>
         <contents>
            <object_component_ref idref="oc-14b"/>
            <object_component_ref idref="oc-14a"/>
            <object_component_ref idref="oc-14c"/>
            <object_component_ref idref="oc-60"/>
            <object_component_ref idref="oc-149"/>
            <object_component_ref idref="oc-143"/>
            <object_component_ref idref="oc-14d"/>
            <object_component_ref idref="oc-13e"/>
            <object_component_ref idref="oc-cf"/>
            <object_component_ref idref="oc-148"/>
            <object_component_ref idref="oc-152"/>
            <object_component_ref idref="oc-138"/>
            <object_component_ref idref="oc-f9"/>
            <object_component_ref idref="oc-10c"/>
            <object_component_ref idref="oc-140"/>
            <object_component_ref idref="oc-146"/>
            <object_component_ref idref="oc-147"/>
            <object_component_ref idref="oc-151"/>
            <object_component_ref idref="oc-13d"/>
            <object_component_ref idref="oc-144"/>
            <object_component_ref idref="oc-145"/>
            <object_component_ref idref="oc-d7"/>
            <object_component_ref idref="oc-13a"/>
            <object_component_ref idref="oc-13f"/>
            <object_component_ref idref="oc-13c"/>
            <object_component_ref idref="oc-c2"/>
            <object_component_ref idref="oc-14e"/>
            <object_component_ref idref="oc-54"/>
            <object_component_ref idref="oc-139"/>
            <object_component_ref idref="oc-13b"/>
         </contents>
      </logical_group>
      <logical_group id="lg-5" display="no" color="cyan">
         <name>codestart</name>
         <load_address>0x3f7ff6</load_address>
         <run_address>0x3f7ff6</run_address>
         <size>0x2</size>
         <contents>
            <object_component_ref idref="oc-53"/>
         </contents>
      </logical_group>
      <logical_group id="lg-6" display="no" color="cyan">
         <name>ramfuncs</name>
         <load_address>0x3e8000</load_address>
         <run_address>0x8000</run_address>
         <size>0x4</size>
         <contents>
            <object_component_ref idref="oc-b9"/>
         </contents>
      </logical_group>
      <logical_group id="lg-7" display="no" color="cyan">
         <name>csmpasswds</name>
         <run_address>0x0</run_address>
         <size>0x0</size>
         <contents>
         </contents>
      </logical_group>
      <logical_group id="lg-8" display="no" color="cyan">
         <name>csm_rsvd</name>
         <run_address>0x0</run_address>
         <size>0x0</size>
         <contents>
         </contents>
      </logical_group>
      <logical_group id="lg-9" display="no" color="cyan">
         <name>.stack</name>
         <run_address>0x50</run_address>
         <size>0x200</size>
         <contents>
            <object_component_ref idref="oc-10d"/>
            <object_component_ref idref="oc-1b2"/>
         </contents>
      </logical_group>
      <logical_group id="lg-a" display="no" color="cyan">
         <name>.ebss</name>
         <run_address>0x8c00</run_address>
         <size>0x440</size>
         <contents>
            <object_component_ref idref="oc-5a"/>
            <object_component_ref idref="oc-c0"/>
            <object_component_ref idref="oc-c8"/>
            <object_component_ref idref="oc-ce"/>
            <object_component_ref idref="oc-d6"/>
            <object_component_ref idref="oc-de"/>
            <object_component_ref idref="oc-ea"/>
            <object_component_ref idref="oc-f1"/>
            <object_component_ref idref="oc-f8"/>
            <object_component_ref idref="oc-100"/>
            <object_component_ref idref="oc-107"/>
            <object_component_ref idref="oc-129"/>
            <object_component_ref idref="oc-157"/>
            <object_component_ref idref="oc-141"/>
         </contents>
      </logical_group>
      <logical_group id="lg-b" display="no" color="cyan">
         <name>.esysmem</name>
         <run_address>0x0</run_address>
         <size>0x0</size>
         <contents>
         </contents>
      </logical_group>
      <logical_group id="lg-c" display="no" color="cyan">
         <name>.econst</name>
         <load_address>0x3f2ef6</load_address>
         <run_address>0x3f2ef6</run_address>
         <size>0x10d</size>
         <contents>
            <object_component_ref idref="oc-150"/>
            <object_component_ref idref="oc-155"/>
            <object_component_ref idref="oc-156"/>
            <object_component_ref idref="oc-c1"/>
         </contents>
      </logical_group>
      <logical_group id="lg-d" display="no" color="cyan">
         <name>.switch</name>
         <load_address>0x3f30fc</load_address>
         <run_address>0x3f30fc</run_address>
         <size>0x46</size>
         <contents>
            <object_component_ref idref="oc-154"/>
            <object_component_ref idref="oc-153"/>
         </contents>
      </logical_group>
      <logical_group id="lg-e" display="no" color="cyan">
         <name>IQmath</name>
         <run_address>0x0</run_address>
         <size>0x0</size>
         <contents>
         </contents>
      </logical_group>
      <logical_group id="lg-f" display="no" color="cyan">
         <name>IQmathTables</name>
         <run_address>0x0</run_address>
         <size>0x0</size>
         <contents>
         </contents>
      </logical_group>
      <logical_group id="lg-10" display="no" color="cyan">
         <name>FPUmathTables</name>
         <run_address>0x0</run_address>
         <size>0x0</size>
         <contents>
         </contents>
      </logical_group>
      <logical_group id="lg-11" display="no" color="cyan">
[...]
         <value>0x3f1a50</value>
         <object_component_ref idref="oc-14c"/>
      </symbol>
      <symbol id="sm-650">
         <name>_build_direct_mode_write</name>
         <value>0x3f19e0</value>
         <object_component_ref idref="oc-14c"/>
      </symbol>
      <symbol id="sm-651">
         <name>_pb_command</name>
         <value>0x8f44</value>
         <object_component_ref idref="oc-f1"/>
      </symbol>
      <symbol id="sm-652">
         <name>_enter_progmode</name>
         <value>0x3f1963</value>
         <object_component_ref idref="oc-14c"/>
      </symbol>
      <symbol id="sm-653">
         <name>_my_XPT_Term</name>
         <value>0x3f1fab</value>
         <object_component_ref idref="oc-14c"/>
      </symbol>
      <symbol id="sm-654">
         <name>_pb_cv</name>
         <value>0x8f46</value>
         <object_component_ref idref="oc-f1"/>
      </symbol>
      <symbol id="sm-655">
         <name>_last_bit_check</name>
         <value>0x8f62</value>
         <object_component_ref idref="oc-f1"/>
      </symbol>
      <symbol id="sm-656">
         <name>_prog_loco</name>
         <value>0x8f4d</value>
         <object_component_ref idref="oc-f1"/>
      </symbol>
      <symbol id="sm-657">
         <name>_prog_ctrl</name>
         <value>0x8f64</value>
         <object_component_ref idref="oc-f1"/>
      </symbol>
      <symbol id="sm-658">
         <name>_page_preset_ptr</name>
         <value>0x8f60</value>
         <object_component_ref idref="oc-f1"/>
      </symbol>
      <symbol id="sm-659">
         <name>_prog_message_ptr</name>
         <value>0x8f5c</value>
         <object_component_ref idref="oc-f1"/>
      </symbol>
      <symbol id="sm-65a">
         <name>_show_prog_error</name>
         <value>0x3f19d9</value>
         <object_component_ref idref="oc-14c"/>
      </symbol>
      <symbol id="sm-65b">
         <name>_last_page_loaded</name>
         <value>0x8f5e</value>
         <object_component_ref idref="oc-f1"/>
      </symbol>
      <symbol id="sm-65c">
         <name>_registermode_ctrl_default</name>
         <value>0x3f2ffc</value>
         <object_component_ref idref="oc-156"/>
      </symbol>
      <symbol id="sm-65d">
         <name>_prog_result</name>
         <value>0x8f4b</value>
         <object_component_ref idref="oc-f1"/>
      </symbol>
      <symbol id="sm-65e">
         <name>_dcc_reset_ptr</name>
         <value>0x8f5a</value>
         <object_component_ref idref="oc-f1"/>
      </symbol>
      <symbol id="sm-65f">
         <name>_reset_programmer</name>
         <value>0x3f19d1</value>
         <object_component_ref idref="oc-14c"/>
      </symbol>
      <symbol id="sm-660">
         <name>_pb_data</name>
         <value>0x8f48</value>
         <object_component_ref idref="oc-f1"/>
      </symbol>
      <symbol id="sm-661">
         <name>_pi_bitpos</name>
         <value>0x8f55</value>
         <object_component_ref idref="oc-f1"/>
      </symbol>
      <symbol id="sm-662">
         <name>_pi_data</name>
         <value>0x8f52</value>
         <object_component_ref idref="oc-f1"/>
      </symbol>
      <symbol id="sm-663">
         <name>_ps_command</name>
         <value>0x8f41</value>
         <object_component_ref idref="oc-f1"/>
      </symbol>
      <symbol id="sm-664">
         <name>_my_XPT_DCCWL</name>
         <value>0x3f1f8c</value>
         <object_component_ref idref="oc-14c"/>
      </symbol>
      <symbol id="sm-665">
         <name>_my_XPT_DCCWD</name>
         <value>0x3f1ef3</value>
         <object_component_ref idref="oc-14c"/>
      </symbol>
      <symbol id="sm-666">
         <name>_my_XPT_DCCWB</name>
         <value>0x3f1f36</value>
         <object_component_ref idref="oc-14c"/>
      </symbol>
      <symbol id="sm-667">
         <name>_my_XPT_DCCWP</name>
         <value>0x3f1eb0</value>
         <object_component_ref idref="oc-14c"/>
      </symbol>
      <symbol id="sm-668">
         <name>_my_XPT_DCCWR</name>
         <value>0x3f1e6d</value>
         <object_component_ref idref="oc-14c"/>
      </symbol>
      <symbol id="sm-669">
         <name>_build_direct_mode_bit_verify</name>
         <value>0x3f1a26</value>
         <object_component_ref idref="oc-14c"/>
      </symbol>
      <symbol id="sm-66a">
         <name>_build_direct_mode_verify</name>
         <value>0x3f1a03</value>
         <object_component_ref idref="oc-14c"/>
      </symbol>
      <symbol id="sm-66b">
         <name>_direct_ctrl_default</name>
         <value>0x3f2ff6</value>
         <object_component_ref idref="oc-155"/>
      </symbol>
      <symbol id="sm-66c">
         <name>_my_XPT_DCCRL</name>
         <value>0x3f1f78</value>
         <object_component_ref idref="oc-14c"/>
      </symbol>
      <symbol id="sm-66d">
         <name>_my_XPT_DCCRD</name>
         <value>0x3f1ed3</value>
         <object_component_ref idref="oc-14c"/>
      </symbol>
      <symbol id="sm-66e">
         <name>_my_XPT_DCCRB</name>
         <value>0x3f1f16</value>
         <object_component_ref idref="oc-14c"/>
      </symbol>
      <symbol id="sm-66f">
         <name>_my_XPT_DCCRP</name>
         <value>0x3f1e90</value>
         <object_component_ref idref="oc-14c"/>
      </symbol>
      <symbol id="sm-670">
         <name>_my_XPT_DCCRR</name>
         <value>0x3f1e4e</value>
         <object_component_ref idref="oc-14c"/>
      </symbol>
      <symbol id="sm-671">
         <name>_direct_ctrl</name>
         <value>0x8f6a</value>
         <object_component_ref idref="oc-f1"/>
      </symbol>
      <symbol id="sm-672">
         <name>_prog_seq_state</name>
         <value>0x8f53</value>
         <object_component_ref idref="oc-f1"/>
      </symbol>
      <symbol id="sm-673">
         <name>_opendcc_state_before_prog</name>
         <value>0x8f4c</value>
         <object_component_ref idref="oc-f1"/>
      </symbol>
      <symbol id="sm-674">
         <name>_pb_test</name>
         <value>0x8f47</value>
         <object_component_ref idref="oc-f1"/>
      </symbol>
      <symbol id="sm-675">
         <name>_build_register_mode_verify</name>
         <value>0x3f1a7c</value>
         <object_component_ref idref="oc-14c"/>
      </symbol>
      <symbol id="sm-676">
         <name>_my_XPT_DCCQD</name>
         <value>0x3f1f5c</value>
         <object_component_ref idref="oc-14c"/>
      </symbol>
      <symbol id="sm-677">
         <name>_pi_result</name>
         <value>0x8f45</value>
         <object_component_ref idref="oc-f1"/>
      </symbol>
      <symbol id="sm-678">
         <name>_pb_result</name>
         <value>0x8f43</value>
         <object_component_ref idref="oc-f1"/>
      </symbol>
      <symbol id="sm-679">
         <name>_pDCC_Reset</name>
         <value>0x8f88</value>
         <object_component_ref idref="oc-f1"/>
      </symbol>
      <symbol id="sm-67a">
         <name>_init_programmer</name>
         <value>0x3f1e19</value>
         <object_component_ref idref="oc-14c"/>
      </symbol>
      <symbol id="sm-67b">
         <name>_prog_data</name>
         <value>0x8f51</value>
         <object_component_ref idref="oc-f1"/>
      </symbol>
      <symbol id="sm-67c">
         <name>_run_programmer</name>
         <value>0x3f1c58</value>
         <object_component_ref idref="oc-14c"/>
      </symbol>
      <symbol id="sm-67d">
         <name>_page_preset</name>
         <value>0x8f80</value>
         <object_component_ref idref="oc-f1"/>
      </symbol>
      <symbol id="sm-67e">
         <name>_run_prog_byte_task</name>
         <value>0x3f1b83</value>
         <object_component_ref idref="oc-14c"/>
      </symbol>
      <symbol id="sm-67f">
         <name>_prog_message</name>
         <value>0x8f76</value>
         <object_component_ref idref="oc-f1"/>
      </symbol>
      <symbol id="sm-680">
         <name>_prog_event</name>
         <value>0x8f4a</value>
         <object_component_ref idref="oc-f1"/>
      </symbol>
      <symbol id="sm-681">
         <name>_pi_command</name>
         <value>0x8f56</value>
         <object_component_ref idref="oc-f1"/>
      </symbol>
      <symbol id="sm-682">
         <name>_registermode_ctrl</name>
         <value>0x8f70</value>
         <object_component_ref idref="oc-f1"/>
      </symbol>
      <symbol id="sm-683">
         <name>_prog_byte_state</name>
         <value>0x8f57</value>
         <object_component_ref idref="oc-f1"/>
      </symbol>
      <symbol id="sm-684">
         <name>_pi_cv</name>
         <value>0x8f54</value>
         <object_component_ref idref="oc-f1"/>
      </symbol>
      <symbol id="sm-685">
         <name>_prog_inner_state</name>
         <value>0x8f58</value>
         <object_component_ref idref="oc-f1"/>
      </symbol>
      <symbol id="sm-686">
         <name>_page_loaded_in_decoder</name>
         <value>0x8f4e</value>
         <object_component_ref idref="oc-f1"/>
      </symbol>
      <symbol id="sm-687">
         <name>_build_register_mode_write</name>
         <value>0x3f1a99</value>
         <object_component_ref idref="oc-14c"/>
      </symbol>
      <symbol id="sm-688">
         <name>_run_prog_inner_task</name>
         <value>0x3f1ab8</value>
         <object_component_ref idref="oc-14c"/>
      </symbol>
      <symbol id="sm-689">
         <name>_leave_progmode</name>
         <value>0x3f19a9</value>
         <object_component_ref idref="oc-14c"/>
      </symbol>
      <symbol id="sm-68a">
         <name>_prog_result_size</name>
         <value>0x8f50</value>
         <object_component_ref idref="oc-f1"/>
      </symbol>
      <symbol id="sm-68b">
         <name>_prog_cv</name>
         <value>0x8f4f</value>
         <object_component_ref idref="oc-f1"/>
      </symbol>
      <symbol id="sm-6b6">
         <name>_rx_fifo_ready</name>
         <value>0x3f2ac1</value>
         <object_component_ref idref="oc-148"/>
      </symbol>
      <symbol id="sm-6b7">
         <name>_rs232_break_detected</name>
         <value>0x8e87</value>
         <object_component_ref idref="oc-f8"/>
      </symbol>
      <symbol id="sm-6b8">
         <name>_rx_fifo_read</name>
         <value>0x3f2acb</value>
         <object_component_ref idref="oc-148"/>
      </symbol>
      <symbol id="sm-6b9">
         <name>_rs232_is_break</name>
         <value>0x3f2a76</value>
         <object_component_ref idref="oc-148"/>
      </symbol>
      <symbol id="sm-6ba">
         <name>_tx_fifo_write</name>
         <value>0x3f2a81</value>
         <object_component_ref idref="oc-148"/>
      </symbol>
      <symbol id="sm-6bb">
         <name>_tx_fifo_ready</name>
         <value>0x3f2a78</value>
         <object_component_ref idref="oc-148"/>
      </symbol>
      <symbol id="sm-6bc">
         <name>_tx_fill</name>
         <value>0x8e82</value>
         <object_component_ref idref="oc-f8"/>
      </symbol>
      <symbol id="sm-6bd">
         <name>_tx_write_ptr</name>
         <value>0x8e84</value>
         <object_component_ref idref="oc-f8"/>
      </symbol>
      <symbol id="sm-6be">
         <name>_tx_all_sent</name>
         <value>0x3f2aa4</value>
         <object_component_ref idref="oc-148"/>
      </symbol>
      <symbol id="sm-6bf">
         <name>_uart_puts</name>
         <value>0x3f2ab6</value>
         <object_component_ref idref="oc-148"/>
      </symbol>
      <symbol id="sm-6c0">
         <name>_rx_write_ptr</name>
         <value>0x8e85</value>
         <object_component_ref idref="oc-f8"/>
      </symbol>
      <symbol id="sm-6c1">
         <name>_actual_baudrate</name>
         <value>0x8e81</value>
         <object_component_ref idref="oc-f8"/>
      </symbol>
      <symbol id="sm-6c2">
         <name>_RxBuffer</name>
         <value>0x8ec0</value>
         <object_component_ref idref="oc-f8"/>
      </symbol>
      <symbol id="sm-6c3">
         <name>_rx_read_ptr</name>
         <value>0x8e80</value>
         <object_component_ref idref="oc-f8"/>
      </symbol>
      <symbol id="sm-6c4">
         <name>_TxBuffer</name>
         <value>0x8f00</value>
         <object_component_ref idref="oc-f8"/>
      </symbol>
      <symbol id="sm-6c5">
         <name>_tx_read_ptr</name>
         <value>0x8e83</value>
         <object_component_ref idref="oc-f8"/>
      </symbol>
      <symbol id="sm-6c6">
         <name>_init_rs232</name>
         <value>0x3f2a22</value>
         <object_component_ref idref="oc-148"/>
      </symbol>
      <symbol id="sm-6c7">
         <name>_uartTx_isr</name>
         <value>0x3f2c4d</value>
         <object_component_ref idref="oc-f9"/>
      </symbol>
      <symbol id="sm-6c8">
         <name>_uartRx_isr</name>
         <value>0x3f2c0a</value>
         <object_component_ref idref="oc-f9"/>
      </symbol>
      <symbol id="sm-6c9">
         <name>_rx_fill</name>
         <value>0x8e86</value>
         <object_component_ref idref="oc-f8"/>
      </symbol>
      <symbol id="sm-70e">
         <name>_shortLastMillis</name>
         <value>0x9026</value>
         <object_component_ref idref="oc-100"/>
      </symbol>
      <symbol id="sm-70f">
         <name>_ext_stop_enabled</name>
         <value>0x9017</value>
         <object_component_ref idref="oc-100"/>
      </symbol>
      <symbol id="sm-710">
         <name>_run_state</name>
         <value>0x3f2432</value>
         <object_component_ref idref="oc-149"/>
      </symbol>
      <symbol id="sm-711">
         <name>_main_short_ignore_time</name>
         <value>0x901d</value>
         <object_component_ref idref="oc-100"/>
      </symbol>
      <symbol id="sm-712">
         <name>_progShortState</name>
         <value>0x9016</value>
         <object_component_ref idref="oc-100"/>
      </symbol>
      <symbol id="sm-713">
         <name>_extStopOkLastMillis</name>
         <value>0x9022</value>
         <object_component_ref idref="oc-100"/>
      </symbol>
      <symbol id="sm-714">
         <name>_set_opendcc_state</name>
         <value>0x3f2391</value>
         <object_component_ref idref="oc-149"/>
      </symbol>
      <symbol id="sm-715">
         <name>_init_state</name>
         <value>0x3f2355</value>
         <object_component_ref idref="oc-149"/>
      </symbol>
      <symbol id="sm-716">
         <name>_opendcc_state</name>
         <value>0x901e</value>
         <object_component_ref idref="oc-100"/>
      </symbol>
      <symbol id="sm-717">
         <name>_ext_stop_deadtime</name>
         <value>0x9020</value>
         <object_component_ref idref="oc-100"/>
      </symbol>
      <symbol id="sm-718">
         <name>_is_prog_state</name>
         <value>0x3f2472</value>
         <object_component_ref idref="oc-149"/>
      </symbol>
      <symbol id="sm-719">
         <name>_state_timerval</name>
         <value>0x9024</value>
         <object_component_ref idref="oc-100"/>
      </symbol>
      <symbol id="sm-71a">
         <name>_status_event</name>
         <value>0x901a</value>
         <object_component_ref idref="oc-100"/>
      </symbol>
      <symbol id="sm-71b">
         <name>_no_timeout</name>
         <value>0x901c</value>
         <object_component_ref idref="oc-100"/>
      </symbol>
      <symbol id="sm-71c">
         <name>_fast_clock</name>
         <value>0x9028</value>
         <object_component_ref idref="oc-100"/>
      </symbol>
      <symbol id="sm-71d">
         <name>_dcc_fast_clock_step</name>
         <value>0x3f240e</value>
         <object_component_ref idref="oc-149"/>
      </symbol>
      <symbol id="sm-71e">
         <name>_prog_short_ignore_time</name>
         <value>0x901f</value>
         <object_component_ref idref="oc-100"/>
      </symbol>
      <symbol id="sm-71f">
         <name>_fc_value</name>
         <value>0x9019</value>
         <object_component_ref idref="oc-100"/>
      </symbol>
      <symbol id="sm-720">
         <name>_timeout_tick</name>
         <value>0x3f237d</value>
         <object_component_ref idref="oc-149"/>
      </symbol>
      <symbol id="sm-721">
         <name>_shortFastRecoverAttemptsLeft</name>
         <value>0x901b</value>
         <object_component_ref idref="oc-100"/>
      </symbol>
      <symbol id="sm-722">
         <name>_mainShortState</name>
         <value>0x9018</value>
         <object_component_ref idref="oc-100"/>
      </symbol>
      <symbol id="sm-745">
         <name>_ui_CurSpeed</name>
         <value>0x8ffd</value>
         <object_component_ref idref="oc-107"/>
      </symbol>
      <symbol id="sm-746">
         <name>_keys_Handler</name>
         <value>0x3f2aed</value>
         <object_component_ref idref="oc-152"/>
      </symbol>
      <symbol id="sm-747">
         <name>_hwEvent_Handler</name>
         <value>0x3f2adf</value>
         <object_component_ref idref="oc-152"/>
      </symbol>
      <symbol id="sm-748">
         <name>_ui_State</name>
         <value>0x8ffc</value>
         <object_component_ref idref="oc-107"/>
      </symbol>
      <symbol id="sm-749">
         <name>_speedkeyLastMillis</name>
         <value>0x8ffe</value>
         <object_component_ref idref="oc-107"/>
      </symbol>
      <symbol id="sm-764">
         <name>_c_int00</name>
         <value>0x3f2c94</value>
         <object_component_ref idref="oc-10c"/>
      </symbol>
      <symbol id="sm-765">
         <name>__stack</name>
         <value>0x50</value>
         <object_component_ref idref="oc-10d"/>
      </symbol>
      <symbol id="sm-774">
         <name>__args_main</name>
         <value>0x3f2eb3</value>
         <object_component_ref idref="oc-13c"/>
      </symbol>
      <symbol id="sm-781">
         <name>__system_post_cinit</name>
         <value>0x3f2ef5</value>
         <object_component_ref idref="oc-13b"/>
      </symbol>
      <symbol id="sm-78d">
         <name>__system_pre_init</name>
         <value>0x3f2ef3</value>
         <object_component_ref idref="oc-139"/>
      </symbol>
      <symbol id="sm-79c">
         <name>_copy_in</name>
         <value>0x3f2e71</value>
         <object_component_ref idref="oc-13a"/>
      </symbol>
      <symbol id="sm-7b0">
         <name>C$$EXIT</name>
         <value>0x3f2dd4</value>
         <object_component_ref idref="oc-13d"/>
      </symbol>
      <symbol id="sm-7b1">
         <name>_exit</name>
         <value>0x3f2dd6</value>
         <object_component_ref idref="oc-13d"/>
      </symbol>
      <symbol id="sm-7b2">
         <name>___TI_cleanup_ptr</name>
         <value>0x903a</value>
         <object_component_ref idref="oc-129"/>
      </symbol>
      <symbol id="sm-7b3">
         <name>___TI_enable_exit_profile_output</name>
         <value>0x9038</value>
         <object_component_ref idref="oc-129"/>
      </symbol>
      <symbol id="sm-7b4">
         <name>_abort</name>
         <value>0x3f2dd4</value>
         <object_component_ref idref="oc-13d"/>
      </symbol>
      <symbol id="sm-7b5">
         <name>___TI_dtors_ptr</name>
         <value>0x903c</value>
         <object_component_ref idref="oc-129"/>
      </symbol>
      <symbol id="sm-7c9">
         <name>__unlock</name>
         <value>0x903e</value>
         <object_component_ref idref="oc-157"/>
      </symbol>
      <symbol id="sm-7ca">
         <name>__lock</name>
         <value>0x8fbe</value>
         <object_component_ref idref="oc-141"/>
      </symbol>
      <symbol id="sm-7cb">
         <name>__register_lock</name>
         <value>0x3f2ee6</value>
         <object_component_ref idref="oc-14e"/>
      </symbol>
      <symbol id="sm-7cc">
         <name>__nop</name>
         <value>0x3f2eea</value>
         <object_component_ref idref="oc-14e"/>
      </symbol>
      <symbol id="sm-7cd">
         <name>__register_unlock</name>
         <value>0x3f2ee2</value>
         <object_component_ref idref="oc-14e"/>
      </symbol>
      <symbol id="sm-7de">
         <name>_memcpy</name>
         <value>0x3f2e95</value>
         <object_component_ref idref="oc-13f"/>
      </symbol>
   </symbol_table>
   <title>Link successful</title>
</link_info>
